[    0.000000] Initializing cgroup subsys cpuset
[    0.000000] Initializing cgroup subsys cpu
[    0.000000] Initializing cgroup subsys cpuacct
[    0.000000] Linux version 4.4.0-143-generic (buildd@lgw01-amd64-041) (gcc version 5.4.0 20160609 (Ubuntu 5.4.0-6ubuntu1~16.04.10) ) #169-Ubuntu SMP Thu Feb 7 07:56:38 UTC 2019 (Ubuntu 4.4.0-143.169-generic 4.4.170)
[    0.000000] Command line: BOOT_IMAGE=/boot/vmlinuz-4.4.0-143-generic root=LABEL=cloudimg-rootfs ro console=tty1 console=ttyS0
[    0.000000] KERNEL supported cpus:
[    0.000000]   Intel GenuineIntel
[    0.000000]   AMD AuthenticAMD
[    0.000000]   Centaur CentaurHauls
[    0.000000] x86/fpu: xstate_offset[2]:  576, xstate_sizes[2]:  256
[    0.000000] x86/fpu: Supporting XSAVE feature 0x01: 'x87 floating point registers'
[    0.000000] x86/fpu: Supporting XSAVE feature 0x02: 'SSE registers'
[    0.000000] x86/fpu: Supporting XSAVE feature 0x04: 'AVX registers'
[    0.000000] x86/fpu: Enabled xstate features 0x7, context size is 832 bytes, using 'standard' format.
[    0.000000] e820: BIOS-provided physical RAM map:
[    0.000000] BIOS-e820: [mem 0x0000000000000000-0x000000000009fbff] usable
[    0.000000] BIOS-e820: [mem 0x000000000009fc00-0x000000000009ffff] reserved
[    0.000000] BIOS-e820: [mem 0x00000000000f0000-0x00000000000fffff] reserved
[    0.000000] BIOS-e820: [mem 0x0000000000100000-0x000000003ffeffff] usable
[    0.000000] BIOS-e820: [mem 0x000000003fff0000-0x000000003fffffff] ACPI data
[    0.000000] BIOS-e820: [mem 0x00000000fec00000-0x00000000fec00fff] reserved
[    0.000000] BIOS-e820: [mem 0x00000000fee00000-0x00000000fee00fff] reserved
[    0.000000] BIOS-e820: [mem 0x00000000fffc0000-0x00000000ffffffff] reserved
[    0.000000] NX (Execute Disable) protection: active
[    0.000000] SMBIOS 2.5 present.
[    0.000000] Hypervisor detected: KVM
[    0.000000] e820: last_pfn = 0x3fff0 max_arch_pfn = 0x400000000
[    0.000000] MTRR: Disabled
[    0.000000] x86/PAT: MTRRs disabled, skipping PAT initialization too.
[    0.000000] CPU MTRRs all blank - virtualized system.
[    0.000000] x86/PAT: Configuration [0-7]: WB  WT  UC- UC  WB  WT  UC- UC  
[    0.000000] found SMP MP-table at [mem 0x0009fff0-0x0009ffff] mapped at [ffff88000009fff0]
[    0.000000] Scanning 1 areas for low memory corruption
[    0.000000] RAMDISK: [mem 0x36300000-0x37177fff]
[    0.000000] ACPI: Early table checksum verification disabled
[    0.000000] ACPI: RSDP 0x00000000000E0000 000024 (v02 VBOX  )
[    0.000000] ACPI: XSDT 0x000000003FFF0030 00003C (v01 VBOX   VBOXXSDT 00000001 ASL  00000061)
[    0.000000] ACPI: FACP 0x000000003FFF00F0 0000F4 (v04 VBOX   VBOXFACP 00000001 ASL  00000061)
[    0.000000] ACPI: DSDT 0x000000003FFF0470 0021FF (v02 VBOX   VBOXBIOS 00000002 INTL 20100528)
[    0.000000] ACPI: FACS 0x000000003FFF0200 000040
[    0.000000] ACPI: FACS 0x000000003FFF0200 000040
[    0.000000] ACPI: APIC 0x000000003FFF0240 00005C (v02 VBOX   VBOXAPIC 00000001 ASL  00000061)
[    0.000000] ACPI: SSDT 0x000000003FFF02A0 0001CC (v01 VBOX   VBOXCPUT 00000002 INTL 20100528)
[    0.000000] No NUMA configuration found
[    0.000000] Faking a node at [mem 0x0000000000000000-0x000000003ffeffff]
[    0.000000] NODE_DATA(0) allocated [mem 0x3ffeb000-0x3ffeffff]
[    0.000000] kvm-clock: Using msrs 4b564d01 and 4b564d00
[    0.000000] kvm-clock: cpu 0, msr 0:3ffe3001, primary cpu clock
[    0.000000] kvm-clock: using sched offset of 3330279141 cycles
[    0.000000] clocksource: kvm-clock: mask: 0xffffffffffffffff max_cycles: 0x1cd42e4dffb, max_idle_ns: 881590591483 ns
[    0.000000] Zone ranges:
[    0.000000]   DMA      [mem 0x0000000000001000-0x0000000000ffffff]
[    0.000000]   DMA32    [mem 0x0000000001000000-0x000000003ffeffff]
[    0.000000]   Normal   empty
[    0.000000]   Device   empty
[    0.000000] Movable zone start for each node
[    0.000000] Early memory node ranges
[    0.000000]   node   0: [mem 0x0000000000001000-0x000000000009efff]
[    0.000000]   node   0: [mem 0x0000000000100000-0x000000003ffeffff]
[    0.000000] Initmem setup node 0 [mem 0x0000000000001000-0x000000003ffeffff]
[    0.000000] ACPI: PM-Timer IO Port: 0x4008
[    0.000000] IOAPIC[0]: apic_id 2, version 32, address 0xfec00000, GSI 0-23
[    0.000000] ACPI: INT_SRC_OVR (bus 0 bus_irq 0 global_irq 2 dfl dfl)
[    0.000000] ACPI: INT_SRC_OVR (bus 0 bus_irq 9 global_irq 9 high level)
[    0.000000] Using ACPI (MADT) for SMP configuration information
[    0.000000] smpboot: Allowing 2 CPUs, 0 hotplug CPUs
[    0.000000] PM: Registered nosave memory: [mem 0x00000000-0x00000fff]
[    0.000000] PM: Registered nosave memory: [mem 0x0009f000-0x0009ffff]
[    0.000000] PM: Registered nosave memory: [mem 0x000a0000-0x000effff]
[    0.000000] PM: Registered nosave memory: [mem 0x000f0000-0x000fffff]
[    0.000000] e820: [mem 0x40000000-0xfebfffff] available for PCI devices
[    0.000000] Booting paravirtualized kernel on KVM
[    0.000000] clocksource: refined-jiffies: mask: 0xffffffff max_cycles: 0xffffffff, max_idle_ns: 7645519600211568 ns
[    0.000000] setup_percpu: NR_CPUS:512 nr_cpumask_bits:512 nr_cpu_ids:2 nr_node_ids:1
[    0.000000] PERCPU: Embedded 34 pages/cpu @ffff88003fc00000 s99480 r8192 d31592 u1048576
[    0.000000] Built 1 zonelists in Node order, mobility grouping on.  Total pages: 257912
[    0.000000] Policy zone: DMA32
[    0.000000] Kernel command line: BOOT_IMAGE=/boot/vmlinuz-4.4.0-143-generic root=LABEL=cloudimg-rootfs ro console=tty1 console=ttyS0
[    0.000000] PID hash table entries: 4096 (order: 3, 32768 bytes)
[    0.000000] Memory: 997716K/1048120K available (8608K kernel code, 1332K rwdata, 4008K rodata, 1484K init, 1316K bss, 50404K reserved, 0K cma-reserved)
[    0.000000] SLUB: HWalign=64, Order=0-3, MinObjects=0, CPUs=2, Nodes=1
[    0.000000] Kernel/User page tables isolation: enabled
[    0.000000] Hierarchical RCU implementation.
[    0.000000] 	Build-time adjustment of leaf fanout to 64.
[    0.000000] 	RCU restricting CPUs from NR_CPUS=512 to nr_cpu_ids=2.
[    0.000000] RCU: Adjusting geometry for rcu_fanout_leaf=64, nr_cpu_ids=2
[    0.000000] NR_IRQS:33024 nr_irqs:440 16
[    0.000000] Console: colour VGA+ 80x25
[    0.000000] console [tty1] enabled
[    0.000000] console [ttyS0] enabled
[    0.000000] tsc: Detected 3292.390 MHz processor
[    2.629368] Calibrating delay loop (skipped) preset value.. 6584.78 BogoMIPS (lpj=13169560)
[    2.630598] pid_max: default: 32768 minimum: 301
[    2.631281] ACPI: Core revision 20150930
[    2.632549] ACPI: 2 ACPI AML tables successfully acquired and loaded
[    2.633502] Security Framework initialized
[    2.634076] Yama: becoming mindful.
[    2.634647] AppArmor: AppArmor initialized
[    2.635316] Dentry cache hash table entries: 131072 (order: 8, 1048576 bytes)
[    2.637130] Inode-cache hash table entries: 65536 (order: 7, 524288 bytes)
[    2.638071] Mount-cache hash table entries: 2048 (order: 2, 16384 bytes)
[    2.638914] Mountpoint-cache hash table entries: 2048 (order: 2, 16384 bytes)
[    2.639918] Initializing cgroup subsys io
[    2.640545] Initializing cgroup subsys memory
[    2.641216] Initializing cgroup subsys devices
[    2.641823] Initializing cgroup subsys freezer
[    2.642470] Initializing cgroup subsys net_cls
[    2.643118] Initializing cgroup subsys perf_event
[    2.643768] Initializing cgroup subsys net_prio
[    2.644402] Initializing cgroup subsys hugetlb
[    2.645034] Initializing cgroup subsys pids
[    2.646466] mce: CPU supports 0 MCE banks
[    2.744934] Last level iTLB entries: 4KB 1024, 2MB 1024, 4MB 1024
[    2.876906] Last level dTLB entries: 4KB 1024, 2MB 1024, 4MB 1024, 1GB 4
[    3.013806] Spectre V2 : Mitigation: Full generic retpoline
[    3.123307] Spectre V2 : Spectre v2 / SpectreRSB mitigation: Filling RSB on context switch
[    3.164018] Speculative Store Bypass: Vulnerable
[    3.166771] Freeing SMP alternatives memory: 32K
[    3.189132] ftrace: allocating 32278 entries in 127 pages
[    3.232066] smpboot: APIC(0) Converting physical 0 to logical package 0
[    3.286282] smpboot: Max logical packages: 1
[    3.287170] x2apic enabled
[    3.287826] Switched APIC routing to physical x2apic.
[    3.289454] ..TIMER: vector=0x30 apic1=0 pin1=2 apic2=-1 pin2=-1
[    3.397639] smpboot: CPU0: Intel(R) Core(TM) i5-4590 CPU @ 3.30GHz (family: 0x6, model: 0x3c, stepping: 0x3)
[    3.435242] Performance Events: unsupported p6 CPU model 60 no PMU driver, software events only.
[    3.474837] KVM setup paravirtual spinlock
[    3.481009] x86: Booting SMP configuration:
[    3.570008] .... node  #0, CPUs:      #1
[    3.673600] kvm-clock: cpu 1, msr 0:3ffe3041, secondary cpu clock
[    3.730237] mce: CPU supports 0 MCE banks
[    3.732599] x86: Booted up 1 node, 2 CPUs
[    3.733345] smpboot: Total of 2 processors activated (13169.56 BogoMIPS)
[    3.734566] devtmpfs: initialized
[    3.758898] evm: security.selinux
[    3.759444] evm: security.SMACK64
[    3.759962] evm: security.SMACK64EXEC
[    3.760533] evm: security.SMACK64TRANSMUTE
[    3.805739] evm: security.SMACK64MMAP
[    3.806309] evm: security.ima
[    3.806789] evm: security.capability
[    3.807498] clocksource: jiffies: mask: 0xffffffff max_cycles: 0xffffffff, max_idle_ns: 7645041785100000 ns
[    3.808785] futex hash table entries: 512 (order: 3, 32768 bytes)
[    3.955316] pinctrl core: initialized pinctrl subsystem
[    4.086226] RTC time: 11:06:20, date: 03/25/19
[    4.168532] NET: Registered protocol family 16
[    4.190663] cpuidle: using governor ladder
[    4.202679] cpuidle: using governor menu
[    4.315407] PCCT header not found.
[    4.420996] ACPI: bus type PCI registered
[    4.528503] acpiphp: ACPI Hot Plug PCI Controller Driver version: 0.5
[    4.706564] PCI: Using configuration type 1 for base access
[    4.720400] ACPI: Added _OSI(Module Device)
[    4.833688] ACPI: Added _OSI(Processor Device)
[    4.870921] ACPI: Added _OSI(3.0 _SCP Extensions)
[    4.871602] ACPI: Added _OSI(Processor Aggregator Device)
[    4.872898] ACPI: Executed 1 blocks of module-level executable AML code
[    4.922350] ACPI: Interpreter enabled
[    5.028174] ACPI: (supports S0 S5)
[    5.102688] ACPI: Using IOAPIC for interrupt routing
[    5.153508] PCI: Using host bridge windows from ACPI; if necessary, use "pci=nocrs" and report a bug
[    5.214125] ACPI: PCI Root Bridge [PCI0] (domain 0000 [bus 00-ff])
[    5.361843] acpi PNP0A03:00: _OSC: OS supports [ASPM ClockPM Segments MSI]
[    5.484885] acpi PNP0A03:00: _OSC: not requesting OS control; OS requires [ExtendedConfig ASPM ClockPM MSI]
[    5.486242] acpi PNP0A03:00: fail to add MMCONFIG information, can't access extended PCI configuration space under this bridge.
[    5.487917] PCI host bridge to bus 0000:00
[    5.488542] pci_bus 0000:00: root bus resource [io  0x0000-0x0cf7 window]
[    5.489436] pci_bus 0000:00: root bus resource [io  0x0d00-0xffff window]
[    5.490331] pci_bus 0000:00: root bus resource [mem 0x000a0000-0x000bffff window]
[    5.491397] pci_bus 0000:00: root bus resource [mem 0x40000000-0xffdfffff window]
[    5.492477] pci_bus 0000:00: root bus resource [bus 00-ff]
[    5.494523] pci 0000:00:01.1: legacy IDE quirk: reg 0x10: [io  0x01f0-0x01f7]
[    5.534065] pci 0000:00:01.1: legacy IDE quirk: reg 0x14: [io  0x03f6]
[    5.534931] pci 0000:00:01.1: legacy IDE quirk: reg 0x18: [io  0x0170-0x0177]
[    5.535834] pci 0000:00:01.1: legacy IDE quirk: reg 0x1c: [io  0x0376]
[    5.547651] pci 0000:00:07.0: quirk: [io  0x4000-0x403f] claimed by PIIX4 ACPI
[    5.735215] pci 0000:00:07.0: quirk: [io  0x4100-0x410f] claimed by PIIX4 SMB
[    5.926593] ACPI: PCI Interrupt Link [LNKA] (IRQs 5 9 10 *11)
[    6.039163] ACPI: PCI Interrupt Link [LNKB] (IRQs 5 9 10 *11)
[    6.152633] ACPI: PCI Interrupt Link [LNKC] (IRQs 5 9 *10 11)
[    6.153758] ACPI: PCI Interrupt Link [LNKD] (IRQs 5 *9 10 11)
[    6.193603] ACPI: Enabled 2 GPEs in block 00 to 07
[    6.264152] vgaarb: setting as boot device: PCI:0000:00:02.0
[    6.354873] vgaarb: device added: PCI:0000:00:02.0,decodes=io+mem,owns=io+mem,locks=none
[    6.381893] vgaarb: loaded
[    6.382358] vgaarb: bridge control possible 0000:00:02.0
[    6.383290] SCSI subsystem initialized
[    6.383997] ACPI: bus type USB registered
[    6.502404] usbcore: registered new interface driver usbfs
[    6.533691] usbcore: registered new interface driver hub
[    6.534487] usbcore: registered new device driver usb
[    6.536310] PCI: Using ACPI for IRQ routing
[    6.559555] NetLabel: Initializing
[    6.574696] NetLabel:  domain hash size = 128
[    6.687187] NetLabel:  protocols = UNLABELED CIPSOv4
[    6.826020] NetLabel:  unlabeled traffic allowed by default
[    6.899678] amd_nb: Cannot enumerate AMD northbridges
[    6.900497] clocksource: Switched to clocksource kvm-clock
[    6.907041] AppArmor: AppArmor Filesystem Enabled
[    7.039174] pnp: PnP ACPI init
[    7.131554] pnp: PnP ACPI: found 3 devices
[    7.262592] clocksource: acpi_pm: mask: 0xffffff max_cycles: 0xffffff, max_idle_ns: 2085701024 ns
[    7.421063] NET: Registered protocol family 2
[    7.515412] TCP established hash table entries: 8192 (order: 4, 65536 bytes)
[    7.582123] TCP bind hash table entries: 8192 (order: 5, 131072 bytes)
[    7.689285] TCP: Hash tables configured (established 8192 bind 8192)
[    7.696656] UDP hash table entries: 512 (order: 2, 16384 bytes)
[    7.697505] UDP-Lite hash table entries: 512 (order: 2, 16384 bytes)
[    7.700329] NET: Registered protocol family 1
[    7.701023] pci 0000:00:00.0: Limiting direct PCI/PCI transfers
[    7.701811] pci 0000:00:01.0: Activating ISA DMA hang workarounds
[    7.702720] Unpacking initramfs...
[    7.876216] Freeing initrd memory: 14816K
[    7.967889] RAPL PMU detected, API unit is 2^-32 Joules, 4 fixed counters 10737418240 ms ovfl timer
[    8.144238] hw unit of domain pp0-core 2^-0 Joules
[    8.191757] hw unit of domain package 2^-0 Joules
[    8.313090] hw unit of domain dram 2^-0 Joules
[    8.394083] hw unit of domain pp1-gpu 2^-0 Joules
[    8.481551] platform rtc_cmos: registered platform RTC device (no PNP device found)
[    8.584399] Scanning for low memory corruption every 60 seconds
[    8.585691] audit: initializing netlink subsys (disabled)
[    8.704072] audit: type=2000 audit(1553511983.807:1): initialized
[    8.846989] Initialise system trusted keyring
[    8.946561] HugeTLB registered 2 MB page size, pre-allocated 0 pages
[    9.109856] zbud: loaded
[    9.184331] VFS: Disk quotas dquot_6.6.0
[    9.289804] VFS: Dquot-cache hash table entries: 512 (order 0, 4096 bytes)
[    9.474998] squashfs: version 4.0 (2009/01/31) Phillip Lougher
[    9.632907] tsc: Refined TSC clocksource calibration: 3291.348 MHz
[    9.778456] clocksource: tsc: mask: 0xffffffffffffffff max_cycles: 0x2f715f5810f, max_idle_ns: 440795305416 ns
[    9.778713] fuse init (API version 7.23)
[    9.778807] Key type big_key registered
[    9.778820] Allocating IMA MOK and blacklist keyrings.
[    9.778978] Key type asymmetric registered
[    9.778980] Asymmetric key parser 'x509' registered
[    9.779005] Block layer SCSI generic (bsg) driver version 0.4 loaded (major 249)
[    9.779047] io scheduler noop registered
[    9.779049] io scheduler deadline registered (default)
[    9.779070] io scheduler cfq registered
[    9.779156] pci_hotplug: PCI Hot Plug PCI Core version: 0.5
[    9.779161] pciehp: PCI Express Hot Plug Controller Driver version: 0.4
[    9.779258] ACPI: AC Adapter [AC] (on-line)
[    9.779298] input: Power Button as /devices/LNXSYSTM:00/LNXPWRBN:00/input/input0
[    9.779300] ACPI: Power Button [PWRF]
[    9.779350] input: Sleep Button as /devices/LNXSYSTM:00/LNXSLPBN:00/input/input1
[    9.779351] ACPI: Sleep Button [SLPF]
[    9.779452] GHES: HEST is not enabled!
[    9.779521] Serial: 8250/16550 driver, 32 ports, IRQ sharing enabled
[    9.822959] 00:02: ttyS0 at I/O 0x3f8 (irq = 4, base_baud = 115200) is a 16550A
[    9.836968] Linux agpgart interface v0.103
[    9.855582] loop: module loaded
[    9.855953] scsi host0: ata_piix
[    9.855996] scsi host1: ata_piix
[    9.856018] ata1: PATA max UDMA/33 cmd 0x1f0 ctl 0x3f6 bmdma 0xd000 irq 14
[    9.856019] ata2: PATA max UDMA/33 cmd 0x170 ctl 0x376 bmdma 0xd008 irq 15
[    9.856072] libphy: Fixed MDIO Bus: probed
[    9.856074] tun: Universal TUN/TAP device driver, 1.6
[    9.856074] tun: (C) 1999-2004 Max Krasnyansky <maxk@qualcomm.com>
[    9.856297] PPP generic driver version 2.4.2
[    9.856335] ehci_hcd: USB 2.0 'Enhanced' Host Controller (EHCI) Driver
[    9.856337] ehci-pci: EHCI PCI platform driver
[    9.856343] ehci-platform: EHCI generic platform driver
[    9.856350] ohci_hcd: USB 1.1 'Open' Host Controller (OHCI) Driver
[    9.856352] ohci-pci: OHCI PCI platform driver
[    9.856358] ohci-platform: OHCI generic platform driver
[    9.856363] uhci_hcd: USB Universal Host Controller Interface driver
[    9.856400] i8042: PNP: PS/2 Controller [PNP0303:PS2K,PNP0f03:PS2M] at 0x60,0x64 irq 1,12
[    9.875309] serio: i8042 KBD port at 0x60,0x64 irq 1
[    9.875312] serio: i8042 AUX port at 0x60,0x64 irq 12
[    9.875398] mousedev: PS/2 mouse device common for all mice
[    9.875625] rtc_cmos rtc_cmos: rtc core: registered rtc_cmos as rtc0
[    9.875669] rtc_cmos rtc_cmos: alarms up to one day, 114 bytes nvram
[    9.875675] i2c /dev entries driver
[    9.875712] device-mapper: uevent: version 1.0.3
[    9.875751] device-mapper: ioctl: 4.34.0-ioctl (2015-10-28) initialised: dm-devel@redhat.com
[    9.875767] ledtrig-cpu: registered to indicate activity on CPUs
[    9.876005] NET: Registered protocol family 10
[    9.876107] NET: Registered protocol family 17
[    9.876115] Key type dns_resolver registered
[    9.876291] registered taskstats version 1
[    9.876302] Loading compiled-in X.509 certificates
[    9.876901] Loaded X.509 cert 'Build time autogenerated kernel key: d03773f65dd2b75b701d4dd50cb1e8d0c07b3b6e'
[    9.876915] zswap: loaded using pool lzo/zbud
[    9.878146] Key type trusted registered
[    9.880156] Key type encrypted registered
[    9.880159] AppArmor: AppArmor sha1 policy hashing enabled
[    9.880161] ima: No TPM chip found, activating TPM-bypass!
[    9.880168] ima: Allocated hash algorithm: sha1
[    9.880179] evm: HMAC attrs: 0x1
[    9.880393]   Magic number: 11:91:126
[    9.880410] acpi device:01: hash matches
[    9.907714] rtc_cmos rtc_cmos: setting system clock to 2019-03-25 11:06:26 UTC (1553511986)
[    9.907796] BIOS EDD facility v0.16 2004-Jun-25, 0 devices found
[    9.907796] EDD information not available.
[   10.593785] input: AT Translated Set 2 keyboard as /devices/platform/i8042/serio0/input/input2
[   13.765641] Freeing unused kernel memory: 1484K
[   13.921413] Write protecting the kernel read-only data: 14336k
[   14.085291] Freeing unused kernel memory: 1620K
[   14.183760] Freeing unused kernel memory: 88K
Loading, please [   14.240472] random: systemd-udevd: uninitialized urandom read (16 bytes read, 3 bits of entropy available)
wait...
starting version 229
[   14.240964] random: udevadm: uninitialized urandom read (16 bytes read, 3 bits of entropy available)
[   14.240991] random: udevadm: uninitialized urandom read (16 bytes read, 3 bits of entropy available)
[   14.248834] random: udevadm: uninitialized urandom read (16 bytes read, 3 bits of entropy available)
[   14.248869] random: udevadm: uninitialized urandom read (16 bytes read, 3 bits of entropy available)
[   14.248992] random: udevadm: uninitialized urandom read (16 bytes read, 3 bits of entropy available)
[   14.249039] random: udevadm: uninitialized urandom read (16 bytes read, 3 bits of entropy available)
[   14.249085] random: udevadm: uninitialized urandom read (16 bytes read, 3 bits of entropy available)
[   14.249130] random: udevadm: uninitialized urandom read (16 bytes read, 3 bits of entropy available)
[   14.249176] random: udevadm: uninitialized urandom read (16 bytes read, 3 bits of entropy available)
[   15.283469] e1000: Intel(R) PRO/1000 Network Driver - version 7.3.21-k8-NAPI
[   15.438908] e1000: Copyright (c) 1999-2006 Intel Corporation.
[   15.521823] Fusion MPT base driver 3.04.20
[   15.571968] Copyright (c) 1999-2008 LSI Corporation
[   15.579824] Fusion MPT SPI Host driver 3.04.20
[   15.602898] AVX version of gcm_enc/dec engaged.
[   15.612226] AES CTR mode by8 optimization enabled
[   15.802031] input: ImExPS/2 Generic Explorer Mouse as /devices/platform/i8042/serio1/input/input4
[   15.929158] e1000 0000:00:03.0 eth0: (PCI:33MHz:32-bit) 02:0a:56:fb:b9:09
[   16.109898] e1000 0000:00:03.0 eth0: Intel(R) PRO/1000 Network Connection
[   16.286405] mptbase: ioc0: Initiating bringup
[   16.422045] ioc0: LSI53C1030 A0: Capabilities={Initiator}
[   16.765088] scsi host2: ioc0: LSI53C1030 A0, FwRev=00000000h, Ports=1, MaxQ=256, IRQ=20
[   17.078695] scsi 2:0:0:0: Direct-Access     VBOX     HARDDISK         1.0  PQ: 0 ANSI: 5
[   17.200613] scsi target2:0:0: Beginning Domain Validation
[   17.202394] scsi target2:0:0: Domain Validation skipping write tests
[   17.204378] scsi target2:0:0: Ending Domain Validation
[   17.286611] scsi target2:0:0: asynchronous
[   17.343403] scsi 2:0:1:0: Direct-Access     VBOX     HARDDISK         1.0  PQ: 0 ANSI: 5
[   17.344723] scsi target2:0:1: Beginning Domain Validation
[   17.354786] scsi target2:0:1: Domain Validation skipping write tests
[   17.371590] scsi target2:0:1: Ending Domain Validation
[   17.372396] scsi target2:0:1: asynchronous
[   17.398350] sd 2:0:0:0: Attached scsi generic sg0 type 0
[   17.448287] sd 2:0:0:0: [sda] 20971520 512-byte logical blocks: (10.7 GB/10.0 GiB)
[   17.449663] sd 2:0:0:0: [sda] Write Protect is off
[   17.528598] sd 2:0:0:0: [sda] Incomplete mode parameter data
[   17.534037] sd 2:0:1:0: [sdb] 20480 512-byte logical blocks: (10.5 MB/10.0 MiB)
[   17.538120] sd 2:0:1:0: Attached scsi generic sg1 type 0
[   17.540308] sd 2:0:1:0: [sdb] Write Protect is off
[   17.540410] sd 2:0:1:0: [sdb] Incomplete mode parameter data
[   17.540411] sd 2:0:1:0: [sdb] Assuming drive cache: write through
[   17.541017] e1000 0000:00:08.0 eth1: (PCI:33MHz:32-bit) 08:00:27:5c:92:c8
[   17.541021] e1000 0000:00:08.0 eth1: Intel(R) PRO/1000 Network Connection
[   17.576946] e1000 0000:00:08.0 enp0s8: renamed from eth1
[   17.589508] sd 2:0:0:0: [sda] Assuming drive cache: write through
[   17.604545] e1000 0000:00:03.0 enp0s3: renamed from eth0
[   17.610644]  sda: sda1
[   17.611583] sd 2:0:0:0: [sda] Attached SCSI disk
[   17.624463] sd 2:0:1:0: [sdb] Attached SCSI disk
Begin: Loading e[   19.028936] md: linear personality registered for level -1
ssential drivers[   19.062349] md: multipath personality registered for level -4
 ... [   19.176800] md: raid0 personality registered for level 0
[   19.251898] md: raid1 personality registered for level 1
[   19.352851] raid6: sse2x1   gen() 11230 MB/s
[   19.501439] raid6: sse2x1   xor()  8718 MB/s
[   19.596747] raid6: sse2x2   gen() 14265 MB/s
[   19.684768] raid6: sse2x2   xor()  9543 MB/s
[   19.756602] raid6: sse2x4   gen() 16438 MB/s
[   19.900786] raid6: sse2x4   xor() 11293 MB/s
[   19.908816] raid6: using algorithm sse2x4 gen() 16438 MB/s
[   19.909702] raid6: .... xor() 11293 MB/s, rmw enabled
[   19.936178] raid6: using ssse3x2 recovery algorithm
[   19.976075] xor: automatically using best checksumming function:
[   20.133012]    avx       : 34846.000 MB/sec
[   20.181538] async_tx: api initialized (async)
[   20.312391] md: raid6 personality registered for level 6
[   20.441381] md: raid5 personality registered for level 5
[   20.460150] md: raid4 personality registered for level 4
[   20.490318] md: raid10 personality registered for level 10
done.
Begin: Running /scripts/init-premount ... done[   20.574715] Btrfs loaded
.
Begin: Mounting root file system ... Begin: Running /scripts/local-top ... done.
Begin: Running /scripts/local-premount ... Scanning for Btrfs filesystems
done.
Warning: fsck not present, so sk[   20.660225] EXT4-fs (sda1): mounted filesystem with ordered data mode. Opts: (null)
ipping root file system
done.
Begin: Running /scripts/local-bottom ... done.
Begin: Running /scripts/init-bottom ... done.
[   21.470185] systemd[1]: systemd 229 running in system mode. (+PAM +AUDIT +SELINUX +IMA +APPARMOR +SMACK +SYSVINIT +UTMP +LIBCRYPTSETUP +GCRYPT +GNUTLS +ACL +XZ -LZ4 +SECCOMP +BLKID +ELFUTILS +KMOD -IDN)
[   21.879455] systemd[1]: Detected virtualization oracle.
[   22.002499] systemd[1]: Detected architecture x86-64.

Welcome to [1mUbuntu 16.04.6 LTS[0m!

[   22.224046] systemd[1]: Set hostname to <ubuntu>.
[   22.333623] systemd[1]: Initializing machine ID from random generator.
[   22.354594] systemd[1]: Installed transient /etc/machine-id file.
[   22.455477] random: nonblocking pool is initialized
[   23.334830] systemd[1]: Listening on LVM2 metadata daemon socket.
[[0;32m  OK  [0m] Listening on LVM2 metadata daemon socket.
[   23.509289] systemd[1]: Listening on Device-mapper event daemon FIFOs.
[[0;32m  OK  [0m] Listening on Device-mapper event daemon FIFOs.
[   23.643140] systemd[1]: Created slice User and Session Slice.
[[0;32m  OK  [0m] Created slice User and Session Slice.
[   23.813649] systemd[1]: Started Forward Password Requests to Wall Directory Watch.
[[0;32m  OK  [0m] Started Forward Password Requests to Wall Directory Watch.
[   24.081976] systemd[1]: Listening on udev Control Socket.
[[0;32m  OK  [0m] Listening on udev Control Socket.
[   24.265968] systemd[1]: Started Trigger resolvconf update for networkd DNS.
[[0;32m  OK  [0m] Started Trigger resolvconf update for networkd DNS.
[   24.425929] systemd[1]: Listening on Journal Socket.
[[0;32m  OK  [0m] Listening on Journal Socket.
[   24.517492] systemd[1]: Reached target Encrypted Volumes.
[[0;32m  OK  [0m] Reached target Encrypted Volumes.
[   24.693242] systemd[1]: Reached target Swap.
[[0;32m  OK  [0m] Reached target Swap.
[   24.865331] systemd[1]: Listening on Journal Socket (/dev/log).
[[0;32m  OK  [0m] Listening on Journal Socket (/dev/log).
[   25.057574] systemd[1]: Listening on LVM2 poll daemon socket.
[[0;32m  OK  [0m] Listening on LVM2 poll daemon socket.
[   25.285769] systemd[1]: Reached target User and Group Name Lookups.
[[0;32m  OK  [0m] Reached target User and Group Name Lookups.
[   25.534728] systemd[1]: Created slice System Slice.
[[0;32m  OK  [0m] Created slice System Slice.
[   25.709273] systemd[1]: Starting Nameserver information manager...
         Starting Nameserver information manager...
[   25.937801] systemd[1]: Mounting Huge Pages File System...
         Mounting Huge Pages File System...
[   26.097029] systemd[1]: Starting Monitoring of LVM2 mirrors, snapshots etc. using dmeventd or progress polling...
         Starting Monitoring of LVM2 mirrors... dmeventd or progress polling...
[   26.365979] systemd[1]: Reached target Slices.
[[0;32m  OK  [0m] Reached target Slices.
[   26.557922] systemd[1]: Starting Set console keymap...
         Starting Set console keymap...
[   26.737202] systemd[1]: Reached target System Time Synchronized.
[[0;32m  OK  [0m] Reached target System Time Synchronized.
[   26.917184] systemd[1]: Starting Load Kernel Modules...
         Starting Load Kernel Modules...
[   26.964914] systemd[1]: Listening on Journal Audit Socket.
[   27.013724] Loading iSCSI transport class v2.0-870.
[[0;32m  OK  [0m] Listening on Journal Audit S[   27.035210] iscsi: registered transport (tcp)
ocket.
[   27.052946] systemd[1]: Starting Remount Root and Kernel File Systems...
[   27.063689] EXT4-fs (sda1): re-mounted. Opts: (null)
         Starting Remount Root and Kernel File S[   27.266045] iscsi: registered transport (iser)
ystems...
[   27.393202] systemd[1]: Listening on /dev/initctl Compatibility Named Pipe.
[[0;32m  OK  [0m] Listening on /dev/initctl Compatibility Named Pipe.
[   27.401235] systemd[1]: Created slice system-serial\x2dgetty.slice.
[[0;32m  OK  [0m] Created slice system-serial\x2dgetty.slice.
[   27.473378] systemd[1]: Starting Create list of required static device nodes for the current kernel...
         Starting Create list of required st... nodes for the current kernel...
[   27.805017] systemd[1]: Mounting Debug File System...
         Mounting Debug File System...
[   27.993390] systemd[1]: Mounting POSIX Message Queue File System...
         Mounting POSIX Message Queue File System...
[   28.117457] systemd[1]: Listening on udev Kernel Socket.
[[0;32m  OK  [0m] Listening on udev Kernel Socket.
[   28.280882] systemd[1]: Starting Uncomplicated firewall...
         Starting Uncomplicated firewall...
[   28.284195] systemd[1]: Set up automount Arbitrary Executable File Formats File System Automount Point.
[[0;32m  OK  [0m] Set up automount Arbitrary Executab...ats File System Automount Point.
[   28.488239] systemd[1]: Listening on Syslog Socket.
[[0;32m  OK  [0m] Listening on Syslog Socket.
[   28.609463] systemd[1]: Starting Journal Service...
         Starting Journal Service...
[   28.729367] systemd[1]: Mounted Huge Pages File System.
[[0;32m  OK  [0m] Mounted Huge Pages File System.
[   28.933808] systemd[1]: Mounted POSIX Message Queue File System.
[[0;32m  OK  [0m] Mounted POSIX Message Queue File System.
[   29.173604] systemd[1]: Mounted Debug File System.
[[0;32m  OK  [0m] Mounted Debug File System.
[   29.292748] systemd[1]: Started Journal Service.
[[0;32m  OK  [0m] Started Journal Service.
[[0;32m  OK  [0m] Started Set console keymap.
[[0;32m  OK  [0m] Started Load Kernel Modules.
[[0;32m  OK  [0m] Started Remount Root and Kernel File Systems.
[[0;32m  OK  [0m] Started Create list of required sta...ce nodes for the current kernel.
[[0;32m  OK  [0m] Started Uncomplicated firewall.
[[0;32m  OK  [0m] Started Nameserver information manager.
[[0;32m  OK  [0m] Started LVM2 metadata daemon.
         Starting Create Static Device Nodes in /dev...
         Starting Load/Save Random Seed...
         Starting udev Coldplug all Devices...
         Mounting FUSE Control File System...
         Starting Apply Kernel Variables...
         Starting Flush Journal to Persistent Storage...
[[0;32m  OK  [0m] Mounted FUSE Control File System.
[[0;32m  OK  [0m] Started Monitoring of LVM2 mirrors,...ng dmeventd or progress polling.
[[0;32m  OK  [0m] Started Create Static Device Nodes in /dev.
[[0;32m  OK  [0m] Started Load/Save Random Seed.
[[0;32m  OK  [0m] Started Apply Kernel Variables.
[[0;32m  OK  [0m] Started udev Coldplug all Devices.
         Starting udev Kernel Device Manager...
[[0;32m  OK  [0m] Reached target Local File Systems (Pre).
[[0;32m  OK  [0m] Reached target Local File Systems.
         Starting Commit a transient machine-id on disk...
         Starting Set console font and keymap...
         Starting LSB: AppArmor initialization...
         Starting Tell Plymouth To Write Out Runtime Data...
         Starting Initial cloud-init job (pre-networking)...
[[0;32m  OK  [0m] Started udev Kernel Device Manager.
[[0;32m  OK  [0m] Started Flush Journal to Persistent Storage.
[[0;32m  OK  [0m] Started Commit a transient machine-id on disk.
[[0;32m  OK  [0m] Started Tell Plymouth To Write Out Runtime Data.
[[0;32m  OK  [0m] Found device /dev/ttyS0.
[[0;32m  OK  [0m] Listening on Load/Save RF Kill Switch Status /dev/rfkill Watch.
         Starting Create Volatile Files and Directories...
[[0;32m  OK  [0m] Started Dispatch Password Requests to Console Directory Watch.
[[0;32m  OK  [0m] Started Create Volatile Files and Directories.
         Starting Update UTMP about System Boot/Shutdown...
[[0;32m  OK  [0m] Started Update UTMP about System Boot/Shutdown.
[[0;32m  OK  [0m] Started LSB: AppArmor initialization.
[[0;32m  OK  [0m] Started Set console font and keymap.
[[0;32m  OK  [0m] Created slice system-getty.slice.
[   29.220630] cloud-init[495]: Cloud-init v. 18.5-45-g3554ffe8-0ubuntu1~16.04.1 running 'init-local' at Mon, 25 Mar 2019 11:06:51 +0000. Up 28.71 seconds.
[[0;32m  OK  [0m] Started Initial cloud-init job (pre-networking).
[[0;32m  OK  [0m] Reached target Network (Pre).
         Starting Raise network interfaces...
[[0;32m  OK  [0m] Started Raise network interfaces.
[[0;32m  OK  [0m] Reached target Network.
         Starting Initial cloud-init job (metadata service crawler)...
[   32.228170] cloud-init[959]: Cloud-init v. 18.5-45-g3554ffe8-0ubuntu1~16.04.1 running 'init' at Mon, 25 Mar 2019 11:06:53 +0000. Up 30.37 seconds.
[   32.261103] cloud-init[959]: ci-info: ++++++++++++++++++++++++++++++++++++++Net device info++++++++++++++++++++++++++++++++++++++
[   32.274299] [cloud-init[0;32m  OK  [0m[959]: ] ci-info: +--------+-------+---------------------------+---------------+--------+-------------------+Started Initial cloud-init job (metadata service crawler).

[   32.274637] cloud-init[959]: ci-info: | Device |   Up  |          Address          |      Mask     | Scope  |     Hw-Address    |
[   32.376957] [cloud-init[0;32m  OK  [0m[959]: ] ci-info: +--------+-------+---------------------------+---------------+--------+-------------------+Reached target System Initialization.

[   32.378040] cloud-init[959]: ci-info: | enp0s3 |  True |         10.0.2.15         | 255.255.255.0 | global | 02:0a:56:fb:b9:09 |
[   32.665278]          cloud-initStarting LXD - unix socket.[959]: 
ci-info: | enp0s3 |  True | fe80::a:56ff:fefb:b909/64 |       .       |  link  | 02:0a:56:fb:b9:09 |
[   32.821119] [cloud-init[0;32m  OK  [0m[959]: ] ci-info: | enp0s8 | False |             .             |       .       |   .    | 08:00:27:5c:92:c8 |Listening on UUID daemon activation socket.

[   32.822735]          cloud-initStarting Socket activation for snappy daemon.[959]: 
ci-info: |   lo   |  True |         127.0.0.1         |   255.0.0.0   |  host  |         .         |
[   33.205692] [cloud-init[0;32m  OK  [0m[959]: ] ci-info: |   lo   |  True |          ::1/128          |       .       |  host  |         .         |Started Daily Cleanup of Temporary Directories.

[   33.207443] [cloud-init[0;32m  OK  [0m[959]: ] ci-info: +--------+-------+---------------------------+---------------+--------+-------------------+Listening on D-Bus System Message Bus Socket.

[   33.418582] cloud-init[959]: ci-info: +++++++++++++++++++++++++++Route IPv4 info++++++++++++++++++++++++++++
[   33.721067] [cloud-init[0;32m  OK  [0m[959]: ] ci-info: +-------+-------------+----------+---------------+-----------+-------+Started ACPI Events Check.

[   33.722680] [cloud-init[0;32m  OK  [0m[959]: ] ci-info: | Route | Destination | Gateway  |    Genmask    | Interface | Flags |Reached target Paths.

[   33.863299] [cloud-init[0;32m  OK  [0m[959]: ] ci-info: +-------+-------------+----------+---------------+-----------+-------+Listening on ACPID Listen Socket.

[[0;32m  OK  [0m] Started Daily apt download activities.
[[0;32m  OK  [0m] Started Daily apt upgrade and clean activities.
[   33.990791] cloud-init[959]: ci-info: |   0   |   0.0.0.0   | 10.0.2.2 |    0.0.0.0    |   enp0s3  |   UG  |
[   34.373046] [cloud-init[0;32m  OK  [0m[959]: ] ci-info: |   1   |   10.0.2.0  | 0.0.0.0  | 255.255.255.0 |   enp0s3  |   U   |Reached target Timers.

[   34.374649] [cloud-init[0;32m  OK  [0m[959]: ] ci-info: +-------+-------------+----------+---------------+-----------+-------+Reached target Cloud-config availability.

[   34.502903] [[0;32m  OK  [0m] Reached target Network is Online.
cloud-init[959]: ci-info: +++++++++++++++++++Route IPv6 info+++++++++++++++++++
[   34.753208]          cloud-initStarting iSCSI initiator daemon (iscsid)...[959]: 
ci-info: +-------+-------------+---------+-----------+-------+
[   34.881363] [cloud-init[0;32m  OK  [0m[959]: ] ci-info: | Route | Destination | Gateway | Interface | Flags |Listening on LXD - unix socket.

[   34.882908] [cloud-init[0;32m  OK  [0m[959]: ] ci-info: +-------+-------------+---------+-----------+-------+Listening on Socket activation for snappy daemon.

[   35.002877] cloud-init[959]: ci-info: |   0   |  fe80::/64  |    ::   |   enp0s3  |   U   |
[[0;32m  OK  [0m] Reached target Sockets.
[   35.240324] [cloud-init[0;32m  OK  [0m[959]: ] ci-info: |   3   |   ff00::/8  |    ::   |   enp0s3  |   U   |Reached target Basic System.

[   35.270973] cloud-init[959]: ci-info: +-------+-------------+---------+-----------+-------+
[   35.509699]          cloud-initStarting LSB: MD monitoring daemon...[959]: 
Generating public/private rsa key pair.
[   35.640894]          cloud-initStarting Pollinate to seed the pseudo random number generator...[959]: 
Your identification has been saved in /etc/ssh/ssh_host_rsa_key.
[   35.772783]          cloud-initStarting Virtualbox guest utils...[959]: 
Your public key has been saved in /etc/ssh/ssh_host_rsa_key.pub.
[   35.881549] [cloud-init[0;32m  OK  [0m[959]: ] The key fingerprint is:Started Unattended Upgrades Shutdown.

[   35.883124] cloud-init[959]: SHA256:SOWaJQHcWzGZOEOmwVVZnkzuIAoM7X1gJFRD2BWuZYU root@ubuntu-xenial
[   36.064810]          cloud-initStarting Accounts Service...[959]: 
The key's randomart image is:
[   36.165034] cloud-init[959]: +---[RSA 2048]----+
         Starting /etc/rc.local Compatibility...
[   36.166795] cloud-init[959]: |.ooOB*B=**o      |
[   36.336658] cloud-init[959]: | oo.**E==* .     |
[[0;32m  OK  [0m] Started Deferred execution scheduler.
[   36.380030] cloud-init[959]: | .oo..B=+ =      |
         Starting System Logging Service...
[   36.490957] cloud-init[959]: |  ...*oB o       |
[   36.523791] cloud-init[959]: |    o.+ S .      |
[   36.524880] cloud-init[959]: |                 |
[   36.525932] cloud-init[959]: |                 |
[   36.526990] cloud-init[959]: |                 |
         Starting Login Service...
[   36.541292] cloud-init[959]: |                 |
[[0;32m  OK  [0m] Started ACPI event daemon.
[   36.626897] cloud-init[959]: +----[SHA256]-----+
[   36.635885] cloud-init[959]: Generating public/private dsa key pair.
[   36.639189] cloud-init[959]: Your identification has been saved in /etc/ssh/ssh_host_dsa_key.
[   36.640710] cloud-init[959]: Your public key has been saved in /etc/ssh/ssh_host_dsa_key.pub.
[   36.644199] cloud-init[959]: The key fingerprint is:
[   36.645305] cloud-init[959]: SHA256:/Qgr/kq6sqA6se2My3bdJEwOj3SNWUw31IwRnDKreFU root@ubuntu-xenial
[   36.648796] cloud-init[959]: The key's randomart image is:
[[0;32m  OK  [0m] Started Regular background program processing daemon.
[   36.678909] cloud-init[959]: +---[DSA 1024]----+
[   36.800597] cloud-init[959]: |      o.o*B      |
[   36.801391] cloud-init[959]: |       =.E.o     |
[[0;32m  OK  [0m] Started D-Bus System Message Bus.
[   36.801672] cloud-init[959]: |      = =        |
[   36.949253] cloud-init[959]: |   o = + .       |
[   36.949797] cloud-init[959]: |  . X o S .      |
[[0;32m  OK  [0m] Started FUSE filesystem for LXC.
[   36.950009] cloud-init[959]: |.  o B . o o     |
[   37.100634] cloud-init[959]: |.+  o * . . .    |
[   37.100898] cloud-init[959]: |==o. = o         |
         Starting LSB: Record successful boot for GRUB...
[   37.101027] cloud-init[959]: |B==oo.oo.        |
[   37.280817] cloud-init[959]: +----[SHA256]-----+
[   37.281088] cloud-init[959]: Generating public/private ecdsa key pair.
         Starting Snappy daemon...
[   37.281224] cloud-init[959]: Your identification has been saved in /etc/ssh/ssh_host_ecdsa_key.
[   37.420984] cloud-init[959]: Your public key has been saved in /etc/ssh/ssh_host_ecdsa_key.pub.
[   37.421195] cloud-init[959]: The key fingerprint is:
         Starting LXD - container startup/shutdown...
[   37.421328] cloud-init[959]: SHA256:fTRZ30mw7mUplmelnF9d4eawxyaZN2eWF99dhIVzLgQ root@ubuntu-xenial
[   37.660510] cloud-init[959]: The key's randomart image is:
[   37.661081] cloud-init[959]: +---[ECDSA 256]---+
[[0;32m  OK  [0m] Started System Logging Service.
[   37.661288] cloud-init[959]: |            Eoo*o|
[[   37.840640] cloud-init[959]: |             oOo=|
[   37.841448] cloud-init[959]: |            ++ O*|
[0;32m  OK  [0m] [   37.841683] cloud-init[959]: |         . ..o@o&|
Started iSCSI initiator daemon (iscsid).
[   37.841788] cloud-init[959]: |        S . .X+/@|
[[   37.984422] cloud-init[959]: |           .o @+=|
[   37.985228] cloud-init[959]: |             .  .|
[   37.985673] cloud-init[959]: |                 |
[0;32m  OK  [0m] Started Pollinate to seed the pseudo random number generator.
[   37.986431] cloud-init[959]: |                 |
[[   38.097808] cloud-init[959]: +----[SHA256]-----+
[   38.098182] cloud-init[959]: Generating public/private ed25519 key pair.
[   38.098282] cloud-init[959]: Your identification has been saved in /etc/ssh/ssh_host_ed25519_key.
[   38.098387] cloud-init[959]: Your public key has been saved in /etc/ssh/ssh_host_ed25519_key.pub.
[   38.098510] cloud-init[959]: The key fingerprint is:
[0;32m  OK  [0m] Started /etc/rc.local Compatibility.
[   38.098605] cloud-init[959]: SHA256:kbtdmNkSPVbgEjtBmFynabw4sBv8Gn5+QVsMzZFznxk root@ubuntu-xenial
[   38.524285] cloud-init[959]: The key's randomart image is:
[[   38.568281] cloud-init[959]: +--[ED25519 256]--+
[   38.568886] cloud-init[959]: |       . ==o++.  |
[   38.569121] cloud-init[959]: |        +o.X=..E |
[0;32m  OK  [0m] Started Login Service.
[   38.569633] cloud-init[959]: |      . o Xo=o .+|
[   38.777579] cloud-init[959]: |     . o =.@o. o.|
[   38.778730] cloud-init[959]: |      + S.*oo    |
[[0;32m  OK  [0m] Started LSB: Record successful boot for GRUB.
[   38.779154] cloud-init[959]: |       + +oo     |
[   38.914099] cloud-init[959]: |      o o ..     |
[[0;32m  OK  [0m] Started LSB: MD monitoring daemon.
[   38.914492] cloud-init[959]: |     . o. .      |
[   39.074181] cloud-init[959]: |      oo..       |
[   39.074611] cloud-init[959]: +----[SHA256]-----+
         Starting Authenticate and Authorize Users to Run Privileged Tasks...
         Starting OpenBSD Secure Shell server...
         Starting Login to default iSCSI targets...
[[0;32m  OK  [0m] Started LXD - container startup/shutdown.
[[0;32m  OK  [0m] Started Virtualbox guest utils.
[[0;32m  OK  [0m] Started Authenticate and Authorize Users to Run Privileged Tasks.
[[0;32m  OK  [0m] Started Accounts Service.
[[0;32m  OK  [0m] Started OpenBSD Secure Shell server.
[[0;32m  OK  [0m] Started Login to default iSCSI targets.
[[0;32m  OK  [0m] Reached target Remote File Systems (Pre).
[[0;32m  OK  [0m] Reached target Remote File Systems.
         Starting Permit User Sessions...
         Starting LSB: automatic crash report generation...
         Starting LSB: Set the CPU Frequency Scaling governor to "ondemand"...
         Starting LSB: daemon to balance interrupts for SMP systems...
[[0;32m  OK  [0m] Started Snappy daemon.
[[0;32m  OK  [0m] Started Permit User Sessions.
[[0;32m  OK  [0m] Created slice User Slice of vagrant.
         Starting User Manager for UID 1000...
[[0;32m  OK  [0m] Started Session 1 of user vagrant.
         Starting Hold until boot process finishes up...
         Starting Terminate Plymouth Boot Screen...
         Starting Wait until snapd is fully seeded...
[[0;32m  OK  [0m] Started User Manager for UID 1000.
[[0;32m  OK  [0m] Started LSB: automatic crash report generation.
[[0;32m  OK  [0m] Started LSB: Set the CPU Frequency Scaling governor to "ondemand".
[[0;32m  OK  [0m] Started LSB: daemon to balance interrupts for SMP systems.
[[0;32m  OK  [0m] Started Hold until boot process finishes up.
[[0;32m  OK  [0m] Started Terminate Plymouth Boot Screen.
         Starting Set console scheme...
[[0;32m  OK  [0m] Started Serial Getty on ttyS0.
[[0;32m  OK  [0m] Started Getty on tty1.
[[0;32m  OK  [0m] Reached target Login Prompts.
[[0;32m  OK  [0m] Started Set console scheme.
         Stopping User Manager for UID 1000...
[[0;32m  OK  [0m] Stopped User Manager for UID 1000.
[[0;32m  OK  [0m] Removed slice User Slice of vagrant.
[[0;32m  OK  [0m] Created slice User Slice of vagrant.
         Starting User Manager for UID 1000...
[[0;32m  OK  [0m] Started User Manager for UID 1000.
[[0;32m  OK  [0m] Started Session 2 of user vagrant.
[[0;32m  OK  [0m] Started Wait until snapd is fully seeded.
[   46.361950] cloud-init[1555]: Generating locales (this might take a while)...

Ubuntu 16.04.6 LTS node02 ttyS0

node02 login: [   47.233220] cloud-init[1555]:   en_US.UTF-8... done
[   47.234342] cloud-init[1555]: Generation complete.
[   48.008123] cloud-init[1555]: Cloud-init v. 18.5-45-g3554ffe8-0ubuntu1~16.04.1 running 'modules:config' at Mon, 25 Mar 2019 11:07:09 +0000. Up 46.19 seconds.
ci-info: no authorized ssh keys fingerprints found for user ubuntu.
<14>Mar 25 11:07:11 ec2: 
<14>Mar 25 11:07:11 ec2: #############################################################
<14>Mar 25 11:07:11 ec2: -----BEGIN SSH HOST KEY FINGERPRINTS-----
<14>Mar 25 11:07:11 ec2: 1024 SHA256:/Qgr/kq6sqA6se2My3bdJEwOj3SNWUw31IwRnDKreFU root@ubuntu-xenial (DSA)
<14>Mar 25 11:07:11 ec2: 256 SHA256:fTRZ30mw7mUplmelnF9d4eawxyaZN2eWF99dhIVzLgQ root@ubuntu-xenial (ECDSA)
<14>Mar 25 11:07:11 ec2: 256 SHA256:kbtdmNkSPVbgEjtBmFynabw4sBv8Gn5+QVsMzZFznxk root@ubuntu-xenial (ED25519)
<14>Mar 25 11:07:11 ec2: 2048 SHA256:SOWaJQHcWzGZOEOmwVVZnkzuIAoM7X1gJFRD2BWuZYU root@ubuntu-xenial (RSA)
<14>Mar 25 11:07:11 ec2: -----END SSH HOST KEY FINGERPRINTS-----
<14>Mar 25 11:07:11 ec2: #############################################################
-----BEGIN SSH HOST KEY KEYS-----
ecdsa-sha2-nistp256 AAAAE2VjZHNhLXNoYTItbmlzdHAyNTYAAAAIbmlzdHAyNTYAAABBBMrLyhTBkNX6GIufMjGoGUBaAPkrbJn5L6oRR0bLu/szHZd7OtJ3NOvI5ZOwSdmuhhXY8McU1kYnhd2zpBERXus= root@ubuntu-xenial
ssh-ed25519 AAAAC3NzaC1lZDI1NTE5AAAAICzJwgba0/bQvuTJQS+LQMuUiBt8Adadvp9o/B9jY+4H root@ubuntu-xenial
ssh-rsa AAAAB3NzaC1yc2EAAAADAQABAAABAQDfBe4yI4DJSh8dUuwxSyqj/X+ZzOFXtYfabXnImmOps58K2FfuDmjajyFwxvKVf11VjnbtFv9jkUZnFzHT7YASCOO6Pc0ryfkqoIOxwtdTxrol54oMLOkWFchOAfY17wihusYBy4eAdvn1Vl3IpFv15Np6rSo0KWsYImoIAF+b1iEryMfQm0EGTxhMa0/b8FEnpizngiwBmUK427V12kR1GewdIJEQwIO0ACuw0/Bbhxe95f/xnBS3deAEe9+05Wf4M/59lz/uGa0tyD6Frj4QcDqF2JLPls4dHD7Fbr/BqGfZK5SvnTQaT2xlUplGM2rcRnPnkfNazXIWNC+vySOR root@ubuntu-xenial
-----END SSH HOST KEY KEYS-----
[   48.426337] cloud-init[1784]: Cloud-init v. 18.5-45-g3554ffe8-0ubuntu1~16.04.1 running 'modules:final' at Mon, 25 Mar 2019 11:07:11 +0000. Up 48.30 seconds.
[   48.426506] cloud-init[1784]: ci-info: no authorized ssh keys fingerprints found for user ubuntu.
[   48.426616] cloud-init[1784]: Cloud-init v. 18.5-45-g3554ffe8-0ubuntu1~16.04.1 finished at Mon, 25 Mar 2019 11:07:11 +0000. Datasource DataSourceNoCloud [seed=/dev/sdb][dsmode=net].  Up 48.41 seconds
